RAM Allocation [bytes]
Variable                                                                          Address   Size
------------------------------------------------------------------------------------------------
_base_y                                                                           0x0160       4

EEPROM Allocation [bytes]
Variable                                                                          Address   Size
------------------------------------------------------------------------------------------------

Register Allocation
Variable                                                                          Register  Size
------------------------------------------------------------------------------------------------
_lcd_x                                                                            R5           1
_lcd_y                                                                            R4           1
_lcd_maxx                                                                         R7           1

FLASH Allocation [words]
Function                                                                          Address   Size
------------------------------------------------------------------------------------------------
main                                                                              0x0007A    161
read_dht11                                                                        0x0011B    173
_lcd_write_nibble_G100                                                            0x001C8     37
_lcd_write_data                                                                   0x001ED     12
lcd_gotoxy                                                                        0x001F9     13
lcd_clear                                                                         0x00206     12
lcd_putchar                                                                       0x00212     21
lcd_puts                                                                          0x00227     17
lcd_init                                                                          0x00238     47
put_buff_G101                                                                     0x00267     64
_print_G101                                                                       0x002A7    308
sprintf                                                                           0x003DB     52
strlen                                                                            0x0040F     12
strlenf                                                                           0x0041B     13
